******************************************************************************
                  MSP430 Linker PC v20.2.0                     
******************************************************************************
>> Linked Mon Mar 23 13:15:36 2020

OUTPUT FILE NAME:   <IR Range Finder.out>
ENTRY POINT SYMBOL: "_c_int00_noinit_noargs"  address: 00002b12


MEMORY CONFIGURATION

         name            origin    length      used     unused   attr    fill
----------------------  --------  ---------  --------  --------  ----  --------
  SFR                   00000000   00000010  00000000  00000010  RWIX
  PERIPHERALS_8BIT      00000010   000000f0  00000000  000000f0  RWIX
  PERIPHERALS_16BIT     00000100   00000100  00000000  00000100  RWIX
  RAM                   00000200   00000800  00000050  000007b0  RWIX
  INFOB                 00001000   00000080  00000000  00000080  RWIX
  INFOA                 00001080   00000080  00000000  00000080  RWIX
  FLASH                 00001100   0000eee0  00001afb  0000d3e5  RWIX
  INT00                 0000ffe0   00000002  00000000  00000002  RWIX
  INT01                 0000ffe2   00000002  00000002  00000000  RWIX
  INT02                 0000ffe4   00000002  00000002  00000000  RWIX
  INT03                 0000ffe6   00000002  00000002  00000000  RWIX
  INT04                 0000ffe8   00000002  00000002  00000000  RWIX
  INT05                 0000ffea   00000002  00000002  00000000  RWIX
  INT06                 0000ffec   00000002  00000002  00000000  RWIX
  INT07                 0000ffee   00000002  00000002  00000000  RWIX
  INT08                 0000fff0   00000002  00000002  00000000  RWIX
  INT09                 0000fff2   00000002  00000002  00000000  RWIX
  INT10                 0000fff4   00000002  00000002  00000000  RWIX
  INT11                 0000fff6   00000002  00000002  00000000  RWIX
  INT12                 0000fff8   00000002  00000002  00000000  RWIX
  INT13                 0000fffa   00000002  00000002  00000000  RWIX
  INT14                 0000fffc   00000002  00000002  00000000  RWIX
  RESET                 0000fffe   00000002  00000002  00000000  RWIX


SECTION ALLOCATION MAP

 output                                  attributes/
section   page    origin      length       input sections
--------  ----  ----------  ----------   ----------------
.stack     0    000009b0    00000050     UNINITIALIZED
                  000009b0    00000002     rts430_eabi.lib : boot.c.obj (.stack)
                  000009b2    0000004e     --HOLE--

.text      0    00001100    00001ad8     
                  00001100    000002fa     rts430_eabi.lib : addd.c.obj (.text:__mspabi_addd)
                  000013fa    000002ae     lcd_print.obj (.text:print_I)
                  000016a8    00000286     rts430_eabi.lib : frcmpyd.c.obj (.text:__TI_frcmpyd)
                  0000192e    0000026e                     : mpyd.c.obj (.text:__mspabi_mpyd)
                  00001b9c    00000260                     : frcaddd.c.obj (.text:__TI_frcaddd)
                  00001dfc    000001a0     lcd_print.obj (.text:print_F)
                  00001f9c    00000132     rts430_eabi.lib : fs_add.asm.obj (.text)
                  000020ce    00000102     main.obj (.text:setup)
                  000021d0    000000ce     main.obj (.text:main)
                  0000229e    000000c4     rts430_eabi.lib : fs_mpy.asm.obj (.text)
                  00002362    000000be                     : renormd.c.obj (.text:__TI_renormd)
                  00002420    000000bc     lcd.obj (.text:LCD_init)
                  000024dc    0000008c     rts430_eabi.lib : cvtdf.c.obj (.text:__mspabi_cvtdf)
                  00002568    0000007e     lcd_print.obj (.text:print_D)
                  000025e6    0000007e     rts430_eabi.lib : fs_tol.asm.obj (.text)
                  00002664    00000076     lcd.obj (.text:LCD_4bit_send)
                  000026da    00000070     rts430_eabi.lib : cvtfd.c.obj (.text:__mspabi_cvtfd)
                  0000274a    0000005c                     : lsr32.asm.obj (.text:l_lsr_const)
                  000027a6    00000058                     : div32u.asm.obj (.text)
                  000027fe    0000004c                     : lsr16.asm.obj (.text)
                  0000284a    0000004a                     : fs_cmp.asm.obj (.text)
                  00002894    0000004a                     : fs_ltof.asm.obj (.text)
                  000028de    00000040                     : div32s.asm.obj (.text)
                  0000291e    0000003e                     : asr32.asm.obj (.text:l_asr_const)
                  0000295c    0000003e                     : lsl32.asm.obj (.text:l_lsl_const)
                  0000299a    0000002e                     : subd.c.obj (.text:__mspabi_subd)
                  000029c8    0000002e                     : mult32_hw.asm.obj (.text)
                  000029f6    0000002c                     : asr16.asm.obj (.text)
                  00002a22    0000002c                     : div16s.asm.obj (.text)
                  00002a4e    0000002c                     : lsl16.asm.obj (.text)
                  00002a7a    00000022     lcd.obj (.text:LCD_goto)
                  00002a9c    0000001a     lcd.obj (.text:LCD_send)
                  00002ab6    0000001a     lcd.obj (.text:toggle_io)
                  00002ad0    00000016     lcd.obj (.text:LCD_putstr)
                  00002ae6    00000016     rts430_eabi.lib : div16u.asm.obj (.text)
                  00002afc    00000016     lcd.obj (.text:toggle_EN_pin)
                  00002b12    00000014     rts430_eabi.lib : boot.c.obj (.text:_c_int00_noinit_noargs)
                  00002b26    00000014     delay.obj (.text:delay_ms)
                  00002b3a    00000014     delay.obj (.text:delay_us)
                  00002b4e    00000012     lcd.obj (.text:LCD_clear_home)
                  00002b60    00000012     rts430_eabi.lib : lsr32.asm.obj (.text:l_lsr)
                  00002b72    00000012                     : memcpy.c.obj (.text:memcpy)
                  00002b84    00000010                     : asr32.asm.obj (.text:l_asr)
                  00002b94    00000010                     : lsl32.asm.obj (.text:l_lsl)
                  00002ba4    00000010                     : epilog.asm.obj (.text)
                  00002bb4    0000000a                     : fs_neg.asm.obj (.text)
                  00002bbe    00000008     lcd.obj (.text:LCD_putchar)
                  00002bc6    00000008     rts430_eabi.lib : isr_trap.asm.obj (.text:_isr:__TI_ISR_TRAP)
                  00002bce    00000006                     : exit.c.obj (.text:abort)
                  00002bd4    00000004                     : pre_init.c.obj (.text:_system_pre_init)

.cinit     0    00001100    00000000     UNINITIALIZED

.const     0    00002bd8    00000023     
                  00002bd8    00000016     main.obj (.const:.string)
                  00002bee    00000007     lcd_print.obj (.const:.string:$P$T2$3)
                  00002bf5    00000001     --HOLE-- [fill = 0]
                  00002bf6    00000005     lcd_print.obj (.const:.string:$P$T3$4)

.binit     0    00001100    00000000     

.init_array 
*          0    00001100    00000000     UNINITIALIZED

PORT2      0    0000ffe2    00000002     
                  0000ffe2    00000002     rts430_eabi.lib : int01.asm.obj (.int01)

USART1TX   0    0000ffe4    00000002     
                  0000ffe4    00000002     rts430_eabi.lib : int02.asm.obj (.int02)

USART1RX   0    0000ffe6    00000002     
                  0000ffe6    00000002     rts430_eabi.lib : int03.asm.obj (.int03)

PORT1      0    0000ffe8    00000002     
                  0000ffe8    00000002     rts430_eabi.lib : int04.asm.obj (.int04)

TIMERA1    0    0000ffea    00000002     
                  0000ffea    00000002     rts430_eabi.lib : int05.asm.obj (.int05)

TIMERA0    0    0000ffec    00000002     
                  0000ffec    00000002     rts430_eabi.lib : int06.asm.obj (.int06)

ADC12      0    0000ffee    00000002     
                  0000ffee    00000002     rts430_eabi.lib : int07.asm.obj (.int07)

USART0TX   0    0000fff0    00000002     
                  0000fff0    00000002     rts430_eabi.lib : int08.asm.obj (.int08)

USART0RX   0    0000fff2    00000002     
                  0000fff2    00000002     rts430_eabi.lib : int09.asm.obj (.int09)

WDT        0    0000fff4    00000002     
                  0000fff4    00000002     rts430_eabi.lib : int10.asm.obj (.int10)

COMPARATORA 
*          0    0000fff6    00000002     
                  0000fff6    00000002     rts430_eabi.lib : int11.asm.obj (.int11)

TIMERB1    0    0000fff8    00000002     
                  0000fff8    00000002     rts430_eabi.lib : int12.asm.obj (.int12)

TIMERB0    0    0000fffa    00000002     
                  0000fffa    00000002     rts430_eabi.lib : int13.asm.obj (.int13)

NMI        0    0000fffc    00000002     
                  0000fffc    00000002     rts430_eabi.lib : int14.asm.obj (.int14)

.reset     0    0000fffe    00000002     
                  0000fffe    00000002     rts430_eabi.lib : boot.c.obj (.reset)

MODULE SUMMARY

       Module              code   ro data   rw data
       ------              ----   -------   -------
    .\
       main.obj            464    22        0      
    +--+-------------------+------+---------+---------+
       Total:              464    22        0      
                                                   
    .\Libraries\
       lcd_print.obj       1228   12        0      
       lcd.obj             462    0         0      
       delay.obj           40     0         0      
    +--+-------------------+------+---------+---------+
       Total:              1730   12        0      
                                                   
    C:\ti\ccs930\ccs\tools\compiler\ti-cgt-msp430_20.2.0.LTS\lib\rts430_eabi.lib
       addd.c.obj          762    0         0      
       frcmpyd.c.obj       646    0         0      
       mpyd.c.obj          622    0         0      
       frcaddd.c.obj       608    0         0      
       fs_add.asm.obj      306    0         0      
       fs_mpy.asm.obj      196    0         0      
       renormd.c.obj       190    0         0      
       cvtdf.c.obj         140    0         0      
       fs_tol.asm.obj      126    0         0      
       cvtfd.c.obj         112    0         0      
       lsr32.asm.obj       110    0         0      
       div32u.asm.obj      88     0         0      
       asr32.asm.obj       78     0         0      
       lsl32.asm.obj       78     0         0      
       lsr16.asm.obj       76     0         0      
       fs_cmp.asm.obj      74     0         0      
       fs_ltof.asm.obj     74     0         0      
       div32s.asm.obj      64     0         0      
       mult32_hw.asm.obj   46     0         0      
       subd.c.obj          46     0         0      
       asr16.asm.obj       44     0         0      
       div16s.asm.obj      44     0         0      
       lsl16.asm.obj       44     0         0      
       boot.c.obj          20     2         0      
       div16u.asm.obj      22     0         0      
       memcpy.c.obj        18     0         0      
       epilog.asm.obj      16     0         0      
       fs_neg.asm.obj      10     0         0      
       isr_trap.asm.obj    8      0         0      
       exit.c.obj          6      0         0      
       pre_init.c.obj      4      0         0      
       int01.asm.obj       0      2         0      
       int02.asm.obj       0      2         0      
       int03.asm.obj       0      2         0      
       int04.asm.obj       0      2         0      
       int05.asm.obj       0      2         0      
       int06.asm.obj       0      2         0      
       int07.asm.obj       0      2         0      
       int08.asm.obj       0      2         0      
       int09.asm.obj       0      2         0      
       int10.asm.obj       0      2         0      
       int11.asm.obj       0      2         0      
       int12.asm.obj       0      2         0      
       int13.asm.obj       0      2         0      
       int14.asm.obj       0      2         0      
    +--+-------------------+------+---------+---------+
       Total:              4678   30        0      
                                                   
       Stack:              0      0         80     
    +--+-------------------+------+---------+---------+
       Grand Total:        6872   64        80     


GLOBAL SYMBOLS: SORTED ALPHABETICALLY BY Name 

address   name                  
-------   ----                  
000001a0  ADC12CTL0             
000001a2  ADC12CTL1             
000001a6  ADC12IE               
000001a4  ADC12IFG              
000001a8  ADC12IV               
00000080  ADC12MCTL0            
00000081  ADC12MCTL1            
0000008a  ADC12MCTL10           
0000008b  ADC12MCTL11           
0000008c  ADC12MCTL12           
0000008d  ADC12MCTL13           
0000008e  ADC12MCTL14           
0000008f  ADC12MCTL15           
00000082  ADC12MCTL2            
00000083  ADC12MCTL3            
00000084  ADC12MCTL4            
00000085  ADC12MCTL5            
00000086  ADC12MCTL6            
00000087  ADC12MCTL7            
00000088  ADC12MCTL8            
00000089  ADC12MCTL9            
00000140  ADC12MEM0             
00000142  ADC12MEM1             
00000154  ADC12MEM10            
00000156  ADC12MEM11            
00000158  ADC12MEM12            
0000015a  ADC12MEM13            
0000015c  ADC12MEM14            
0000015e  ADC12MEM15            
00000144  ADC12MEM2             
00000146  ADC12MEM3             
00000148  ADC12MEM4             
0000014a  ADC12MEM5             
0000014c  ADC12MEM6             
0000014e  ADC12MEM7             
00000150  ADC12MEM8             
00000152  ADC12MEM9             
00000057  BCSCTL1               
00000058  BCSCTL2               
00002bce  C$$EXIT               
00000059  CACTL1                
0000005a  CACTL2                
0000005b  CAPD                  
00000056  DCOCTL                
00000128  FCTL1                 
0000012a  FCTL2                 
0000012c  FCTL3                 
00000000  IE1                   
00000001  IE2                   
00000002  IFG1                  
00000003  IFG2                  
00002664  LCD_4bit_send         
00002b4e  LCD_clear_home        
00002a7a  LCD_goto              
00002420  LCD_init              
00002bbe  LCD_putchar           
00002ad0  LCD_putstr            
00002a9c  LCD_send              
00000134  MAC                   
00000136  MACS                  
00000004  ME1                   
00000005  ME2                   
00000130  MPY                   
00000132  MPYS                  
00000138  OP2                   
00000022  P1DIR                 
00000025  P1IE                  
00000024  P1IES                 
00000023  P1IFG                 
00000020  P1IN                  
00000021  P1OUT                 
00000026  P1SEL                 
0000002a  P2DIR                 
0000002d  P2IE                  
0000002c  P2IES                 
0000002b  P2IFG                 
00000028  P2IN                  
00000029  P2OUT                 
0000002e  P2SEL                 
0000001a  P3DIR                 
00000018  P3IN                  
00000019  P3OUT                 
0000001b  P3SEL                 
0000001e  P4DIR                 
0000001c  P4IN                  
0000001d  P4OUT                 
0000001f  P4SEL                 
00000032  P5DIR                 
00000030  P5IN                  
00000031  P5OUT                 
00000033  P5SEL                 
00000036  P6DIR                 
00000034  P6IN                  
00000035  P6OUT                 
00000037  P6SEL                 
0000013c  RESHI                 
0000013a  RESLO                 
0000013e  SUMEXT                
00000172  TACCR0                
00000174  TACCR1                
00000176  TACCR2                
00000162  TACCTL0               
00000164  TACCTL1               
00000166  TACCTL2               
00000160  TACTL                 
0000012e  TAIV                  
00000170  TAR                   
00000192  TBCCR0                
00000194  TBCCR1                
00000196  TBCCR2                
00000198  TBCCR3                
0000019a  TBCCR4                
0000019c  TBCCR5                
0000019e  TBCCR6                
00000182  TBCCTL0               
00000184  TBCCTL1               
00000186  TBCCTL2               
00000188  TBCCTL3               
0000018a  TBCCTL4               
0000018c  TBCCTL5               
0000018e  TBCCTL6               
00000180  TBCTL                 
0000011e  TBIV                  
00000190  TBR                   
00000074  U0BR0                 
00000075  U0BR1                 
00000070  U0CTL                 
00000073  U0MCTL                
00000072  U0RCTL                
00000076  U0RXBUF               
00000071  U0TCTL                
00000077  U0TXBUF               
0000007c  U1BR0                 
0000007d  U1BR1                 
00000078  U1CTL                 
0000007b  U1MCTL                
0000007a  U1RCTL                
0000007e  U1RXBUF               
00000079  U1TCTL                
0000007f  U1TXBUF               
00000120  WDTCTL                
00000a00  __STACK_END           
00000050  __STACK_SIZE          
00002bc6  __TI_ISR_TRAP         
00001b9c  __TI_frcaddd          
000016a8  __TI_frcmpyd          
0000ffe2  __TI_int01            
0000ffe4  __TI_int02            
0000ffe6  __TI_int03            
0000ffe8  __TI_int04            
0000ffea  __TI_int05            
0000ffec  __TI_int06            
0000ffee  __TI_int07            
0000fff0  __TI_int08            
0000fff2  __TI_int09            
0000fff4  __TI_int10            
0000fff6  __TI_int11            
0000fff8  __TI_int12            
0000fffa  __TI_int13            
0000fffc  __TI_int14            
ffffffff  __TI_pprof_out_hndl   
ffffffff  __TI_prof_data_size   
ffffffff  __TI_prof_data_start  
00002362  __TI_renormd          
ffffffff  __c_args__            
00001100  __mspabi_addd         
00001fa2  __mspabi_addf         
0000284a  __mspabi_cmpf         
000024dc  __mspabi_cvtdf        
000026da  __mspabi_cvtfd        
00002a22  __mspabi_divi         
000028de  __mspabi_divli        
00002ae6  __mspabi_divu         
000027a6  __mspabi_divul        
000025e6  __mspabi_fixfli       
00002894  __mspabi_fltlif       
00002bb0  __mspabi_func_epilog_1
00002bae  __mspabi_func_epilog_2
00002bac  __mspabi_func_epilog_3
00002baa  __mspabi_func_epilog_4
00002ba8  __mspabi_func_epilog_5
00002ba6  __mspabi_func_epilog_6
00002ba4  __mspabi_func_epilog_7
0000192e  __mspabi_mpyd         
0000229e  __mspabi_mpyf         
000029c8  __mspabi_mpyl_hw      
00002bb4  __mspabi_negf         
00002a22  __mspabi_remi         
000028de  __mspabi_remli        
00002ae6  __mspabi_remu         
000027a6  __mspabi_remul        
00002a4e  __mspabi_slli         
00002a76  __mspabi_slli_1       
00002a64  __mspabi_slli_10      
00002a62  __mspabi_slli_11      
00002a60  __mspabi_slli_12      
00002a5e  __mspabi_slli_13      
00002a5c  __mspabi_slli_14      
00002a5a  __mspabi_slli_15      
00002a74  __mspabi_slli_2       
00002a72  __mspabi_slli_3       
00002a70  __mspabi_slli_4       
00002a6e  __mspabi_slli_5       
00002a6c  __mspabi_slli_6       
00002a6a  __mspabi_slli_7       
00002a68  __mspabi_slli_8       
00002a66  __mspabi_slli_9       
00002b94  __mspabi_slll         
00002994  __mspabi_slll_1       
00002970  __mspabi_slll_10      
0000296c  __mspabi_slll_11      
00002968  __mspabi_slll_12      
00002964  __mspabi_slll_13      
00002960  __mspabi_slll_14      
0000295c  __mspabi_slll_15      
00002990  __mspabi_slll_2       
0000298c  __mspabi_slll_3       
00002988  __mspabi_slll_4       
00002984  __mspabi_slll_5       
00002980  __mspabi_slll_6       
0000297c  __mspabi_slll_7       
00002978  __mspabi_slll_8       
00002974  __mspabi_slll_9       
000029f6  __mspabi_srai         
00002a1e  __mspabi_srai_1       
00002a0c  __mspabi_srai_10      
00002a0a  __mspabi_srai_11      
00002a08  __mspabi_srai_12      
00002a06  __mspabi_srai_13      
00002a04  __mspabi_srai_14      
00002a02  __mspabi_srai_15      
00002a1c  __mspabi_srai_2       
00002a1a  __mspabi_srai_3       
00002a18  __mspabi_srai_4       
00002a16  __mspabi_srai_5       
00002a14  __mspabi_srai_6       
00002a12  __mspabi_srai_7       
00002a10  __mspabi_srai_8       
00002a0e  __mspabi_srai_9       
00002b84  __mspabi_sral         
00002956  __mspabi_sral_1       
00002932  __mspabi_sral_10      
0000292e  __mspabi_sral_11      
0000292a  __mspabi_sral_12      
00002926  __mspabi_sral_13      
00002922  __mspabi_sral_14      
0000291e  __mspabi_sral_15      
00002952  __mspabi_sral_2       
0000294e  __mspabi_sral_3       
0000294a  __mspabi_sral_4       
00002946  __mspabi_sral_5       
00002942  __mspabi_sral_6       
0000293e  __mspabi_sral_7       
0000293a  __mspabi_sral_8       
00002936  __mspabi_sral_9       
000027fe  __mspabi_srli         
00002844  __mspabi_srli_1       
00002820  __mspabi_srli_10      
0000281c  __mspabi_srli_11      
00002818  __mspabi_srli_12      
00002814  __mspabi_srli_13      
00002810  __mspabi_srli_14      
0000280c  __mspabi_srli_15      
00002840  __mspabi_srli_2       
0000283c  __mspabi_srli_3       
00002838  __mspabi_srli_4       
00002834  __mspabi_srli_5       
00002830  __mspabi_srli_6       
0000282c  __mspabi_srli_7       
00002828  __mspabi_srli_8       
00002824  __mspabi_srli_9       
00002b60  __mspabi_srll         
0000279e  __mspabi_srll_1       
00002768  __mspabi_srll_10      
00002762  __mspabi_srll_11      
0000275c  __mspabi_srll_12      
00002756  __mspabi_srll_13      
00002750  __mspabi_srll_14      
0000274a  __mspabi_srll_15      
00002798  __mspabi_srll_2       
00002792  __mspabi_srll_3       
0000278c  __mspabi_srll_4       
00002786  __mspabi_srll_5       
00002780  __mspabi_srll_6       
0000277a  __mspabi_srll_7       
00002774  __mspabi_srll_8       
0000276e  __mspabi_srll_9       
0000299a  __mspabi_subd         
00001f9c  __mspabi_subf         
00002b12  _c_int00_noinit_noargs
0000fffe  _reset_vector         
000009b0  _stack                
00002bd4  _system_pre_init      
00002bce  abort                 
00002b26  delay_ms              
00002b3a  delay_us              
000021d0  main                  
00002b72  memcpy                
00002568  print_D               
00001dfc  print_F               
000013fa  print_I               
000020ce  setup                 
00002afc  toggle_EN_pin         
00002ab6  toggle_io             


GLOBAL SYMBOLS: SORTED BY Symbol Address 

address   name                  
-------   ----                  
00000000  IE1                   
00000001  IE2                   
00000002  IFG1                  
00000003  IFG2                  
00000004  ME1                   
00000005  ME2                   
00000018  P3IN                  
00000019  P3OUT                 
0000001a  P3DIR                 
0000001b  P3SEL                 
0000001c  P4IN                  
0000001d  P4OUT                 
0000001e  P4DIR                 
0000001f  P4SEL                 
00000020  P1IN                  
00000021  P1OUT                 
00000022  P1DIR                 
00000023  P1IFG                 
00000024  P1IES                 
00000025  P1IE                  
00000026  P1SEL                 
00000028  P2IN                  
00000029  P2OUT                 
0000002a  P2DIR                 
0000002b  P2IFG                 
0000002c  P2IES                 
0000002d  P2IE                  
0000002e  P2SEL                 
00000030  P5IN                  
00000031  P5OUT                 
00000032  P5DIR                 
00000033  P5SEL                 
00000034  P6IN                  
00000035  P6OUT                 
00000036  P6DIR                 
00000037  P6SEL                 
00000050  __STACK_SIZE          
00000056  DCOCTL                
00000057  BCSCTL1               
00000058  BCSCTL2               
00000059  CACTL1                
0000005a  CACTL2                
0000005b  CAPD                  
00000070  U0CTL                 
00000071  U0TCTL                
00000072  U0RCTL                
00000073  U0MCTL                
00000074  U0BR0                 
00000075  U0BR1                 
00000076  U0RXBUF               
00000077  U0TXBUF               
00000078  U1CTL                 
00000079  U1TCTL                
0000007a  U1RCTL                
0000007b  U1MCTL                
0000007c  U1BR0                 
0000007d  U1BR1                 
0000007e  U1RXBUF               
0000007f  U1TXBUF               
00000080  ADC12MCTL0            
00000081  ADC12MCTL1            
00000082  ADC12MCTL2            
00000083  ADC12MCTL3            
00000084  ADC12MCTL4            
00000085  ADC12MCTL5            
00000086  ADC12MCTL6            
00000087  ADC12MCTL7            
00000088  ADC12MCTL8            
00000089  ADC12MCTL9            
0000008a  ADC12MCTL10           
0000008b  ADC12MCTL11           
0000008c  ADC12MCTL12           
0000008d  ADC12MCTL13           
0000008e  ADC12MCTL14           
0000008f  ADC12MCTL15           
0000011e  TBIV                  
00000120  WDTCTL                
00000128  FCTL1                 
0000012a  FCTL2                 
0000012c  FCTL3                 
0000012e  TAIV                  
00000130  MPY                   
00000132  MPYS                  
00000134  MAC                   
00000136  MACS                  
00000138  OP2                   
0000013a  RESLO                 
0000013c  RESHI                 
0000013e  SUMEXT                
00000140  ADC12MEM0             
00000142  ADC12MEM1             
00000144  ADC12MEM2             
00000146  ADC12MEM3             
00000148  ADC12MEM4             
0000014a  ADC12MEM5             
0000014c  ADC12MEM6             
0000014e  ADC12MEM7             
00000150  ADC12MEM8             
00000152  ADC12MEM9             
00000154  ADC12MEM10            
00000156  ADC12MEM11            
00000158  ADC12MEM12            
0000015a  ADC12MEM13            
0000015c  ADC12MEM14            
0000015e  ADC12MEM15            
00000160  TACTL                 
00000162  TACCTL0               
00000164  TACCTL1               
00000166  TACCTL2               
00000170  TAR                   
00000172  TACCR0                
00000174  TACCR1                
00000176  TACCR2                
00000180  TBCTL                 
00000182  TBCCTL0               
00000184  TBCCTL1               
00000186  TBCCTL2               
00000188  TBCCTL3               
0000018a  TBCCTL4               
0000018c  TBCCTL5               
0000018e  TBCCTL6               
00000190  TBR                   
00000192  TBCCR0                
00000194  TBCCR1                
00000196  TBCCR2                
00000198  TBCCR3                
0000019a  TBCCR4                
0000019c  TBCCR5                
0000019e  TBCCR6                
000001a0  ADC12CTL0             
000001a2  ADC12CTL1             
000001a4  ADC12IFG              
000001a6  ADC12IE               
000001a8  ADC12IV               
000009b0  _stack                
00000a00  __STACK_END           
00001100  __mspabi_addd         
000013fa  print_I               
000016a8  __TI_frcmpyd          
0000192e  __mspabi_mpyd         
00001b9c  __TI_frcaddd          
00001dfc  print_F               
00001f9c  __mspabi_subf         
00001fa2  __mspabi_addf         
000020ce  setup                 
000021d0  main                  
0000229e  __mspabi_mpyf         
00002362  __TI_renormd          
00002420  LCD_init              
000024dc  __mspabi_cvtdf        
00002568  print_D               
000025e6  __mspabi_fixfli       
00002664  LCD_4bit_send         
000026da  __mspabi_cvtfd        
0000274a  __mspabi_srll_15      
00002750  __mspabi_srll_14      
00002756  __mspabi_srll_13      
0000275c  __mspabi_srll_12      
00002762  __mspabi_srll_11      
00002768  __mspabi_srll_10      
0000276e  __mspabi_srll_9       
00002774  __mspabi_srll_8       
0000277a  __mspabi_srll_7       
00002780  __mspabi_srll_6       
00002786  __mspabi_srll_5       
0000278c  __mspabi_srll_4       
00002792  __mspabi_srll_3       
00002798  __mspabi_srll_2       
0000279e  __mspabi_srll_1       
000027a6  __mspabi_divul        
000027a6  __mspabi_remul        
000027fe  __mspabi_srli         
0000280c  __mspabi_srli_15      
00002810  __mspabi_srli_14      
00002814  __mspabi_srli_13      
00002818  __mspabi_srli_12      
0000281c  __mspabi_srli_11      
00002820  __mspabi_srli_10      
00002824  __mspabi_srli_9       
00002828  __mspabi_srli_8       
0000282c  __mspabi_srli_7       
00002830  __mspabi_srli_6       
00002834  __mspabi_srli_5       
00002838  __mspabi_srli_4       
0000283c  __mspabi_srli_3       
00002840  __mspabi_srli_2       
00002844  __mspabi_srli_1       
0000284a  __mspabi_cmpf         
00002894  __mspabi_fltlif       
000028de  __mspabi_divli        
000028de  __mspabi_remli        
0000291e  __mspabi_sral_15      
00002922  __mspabi_sral_14      
00002926  __mspabi_sral_13      
0000292a  __mspabi_sral_12      
0000292e  __mspabi_sral_11      
00002932  __mspabi_sral_10      
00002936  __mspabi_sral_9       
0000293a  __mspabi_sral_8       
0000293e  __mspabi_sral_7       
00002942  __mspabi_sral_6       
00002946  __mspabi_sral_5       
0000294a  __mspabi_sral_4       
0000294e  __mspabi_sral_3       
00002952  __mspabi_sral_2       
00002956  __mspabi_sral_1       
0000295c  __mspabi_slll_15      
00002960  __mspabi_slll_14      
00002964  __mspabi_slll_13      
00002968  __mspabi_slll_12      
0000296c  __mspabi_slll_11      
00002970  __mspabi_slll_10      
00002974  __mspabi_slll_9       
00002978  __mspabi_slll_8       
0000297c  __mspabi_slll_7       
00002980  __mspabi_slll_6       
00002984  __mspabi_slll_5       
00002988  __mspabi_slll_4       
0000298c  __mspabi_slll_3       
00002990  __mspabi_slll_2       
00002994  __mspabi_slll_1       
0000299a  __mspabi_subd         
000029c8  __mspabi_mpyl_hw      
000029f6  __mspabi_srai         
00002a02  __mspabi_srai_15      
00002a04  __mspabi_srai_14      
00002a06  __mspabi_srai_13      
00002a08  __mspabi_srai_12      
00002a0a  __mspabi_srai_11      
00002a0c  __mspabi_srai_10      
00002a0e  __mspabi_srai_9       
00002a10  __mspabi_srai_8       
00002a12  __mspabi_srai_7       
00002a14  __mspabi_srai_6       
00002a16  __mspabi_srai_5       
00002a18  __mspabi_srai_4       
00002a1a  __mspabi_srai_3       
00002a1c  __mspabi_srai_2       
00002a1e  __mspabi_srai_1       
00002a22  __mspabi_divi         
00002a22  __mspabi_remi         
00002a4e  __mspabi_slli         
00002a5a  __mspabi_slli_15      
00002a5c  __mspabi_slli_14      
00002a5e  __mspabi_slli_13      
00002a60  __mspabi_slli_12      
00002a62  __mspabi_slli_11      
00002a64  __mspabi_slli_10      
00002a66  __mspabi_slli_9       
00002a68  __mspabi_slli_8       
00002a6a  __mspabi_slli_7       
00002a6c  __mspabi_slli_6       
00002a6e  __mspabi_slli_5       
00002a70  __mspabi_slli_4       
00002a72  __mspabi_slli_3       
00002a74  __mspabi_slli_2       
00002a76  __mspabi_slli_1       
00002a7a  LCD_goto              
00002a9c  LCD_send              
00002ab6  toggle_io             
00002ad0  LCD_putstr            
00002ae6  __mspabi_divu         
00002ae6  __mspabi_remu         
00002afc  toggle_EN_pin         
00002b12  _c_int00_noinit_noargs
00002b26  delay_ms              
00002b3a  delay_us              
00002b4e  LCD_clear_home        
00002b60  __mspabi_srll         
00002b72  memcpy                
00002b84  __mspabi_sral         
00002b94  __mspabi_slll         
00002ba4  __mspabi_func_epilog_7
00002ba6  __mspabi_func_epilog_6
00002ba8  __mspabi_func_epilog_5
00002baa  __mspabi_func_epilog_4
00002bac  __mspabi_func_epilog_3
00002bae  __mspabi_func_epilog_2
00002bb0  __mspabi_func_epilog_1
00002bb4  __mspabi_negf         
00002bbe  LCD_putchar           
00002bc6  __TI_ISR_TRAP         
00002bce  C$$EXIT               
00002bce  abort                 
00002bd4  _system_pre_init      
0000ffe2  __TI_int01            
0000ffe4  __TI_int02            
0000ffe6  __TI_int03            
0000ffe8  __TI_int04            
0000ffea  __TI_int05            
0000ffec  __TI_int06            
0000ffee  __TI_int07            
0000fff0  __TI_int08            
0000fff2  __TI_int09            
0000fff4  __TI_int10            
0000fff6  __TI_int11            
0000fff8  __TI_int12            
0000fffa  __TI_int13            
0000fffc  __TI_int14            
0000fffe  _reset_vector         
ffffffff  __TI_pprof_out_hndl   
ffffffff  __TI_prof_data_size   
ffffffff  __TI_prof_data_start  
ffffffff  __c_args__            

[304 symbols]
